migue@MSI MINGW64 ~
$ git  --version
git version 2.35.1.windows.2

migue@MSI MINGW64 ~
$ git config --global user.name "Miguel Brown"

migue@MSI MINGW64 ~
$ git config --global user.email browncoloma@gmail.com

migue@MSI MINGW64 ~
$ git config --global core.editor "code --wait"

migue@MSI MINGW64 ~
$ got config --global -e
bash: got: command not found

migue@MSI MINGW64 ~
$ git config --global -e

migue@MSI MINGW64 ~
$ git config --global core.autocrlf true (windows) input (lunix mac)

migue@MSI MINGW64 ~/workspace/git-desde-cero
$ git init  (git push para subir a servidor despues de commit)

migue@MSI MINGW64 ~/workspace/git-desde-cero (master)
$ git add archivo1.txt

migue@MSI MINGW64 ~/workspace/git-desde-cero (master)
$ git status
On branch master

No commits yet

Changes to be committed:
  (use "git rm --cached <file>..." to unstage)
        new file:   archivo1.txt

migue@MSI MINGW64 ~/workspace/git-desde-cero (master)
$ git add archivo1.txt archivo2.txt

migue@MSI MINGW64 ~/workspace/git-desde-cero (master)
$ git commit -m "creacion de txt con instrucciones"

migue@MSI MINGW64 ~/workspace/git-desde-cero (master)
$ mv archivo1.txt scrip.txt

migue@MSI MINGW64 ~/workspace/git-desde-cero (master)
$ git status
On branch master
Changes not staged for commit:
  (use "git add/rm <file>..." to update what will be committed)
  (use "git restore <file>..." to discard changes in working directory)
        deleted:    archivo1.txt

Untracked files:
  (use "git add <file>..." to include in what will be committed)
        scrip.txt

no changes added to commit (use "git add" and/or "git commit -a")

migue@MSI MINGW64 ~/workspace/git-desde-cero (master)
$ git add archivo1.txt scrip.txt

migue@MSI MINGW64 ~/workspace/git-desde-cero (master)
$ git status
On branch master
Changes to be committed:
  (use "git restore --staged <file>..." to unstage)
        renamed:    archivo1.txt -> scrip.txt

migue@MSI MINGW64 ~/workspace/git-desde-cero (master)
$ git commit -m "renombrar archivo"
[master 3c1c078] renombrar archivo
 1 file changed, 0 insertions(+), 0 deletions(-)
 rename archivo1.txt => scrip.txt (100%)

migue@MSI MINGW64 ~/workspace/git-desde-cero (master)
$ git mv scrip.txt readming.txt

migue@MSI MINGW64 ~/workspace/git-desde-cero (master)
$ git commit -m "renombrar nuevamente"
[master d021298] renombrar nuevamente
 1 file changed, 0 insertions(+), 0 deletions(-)
 rename scrip.txt => readming.txt (100%)

migue@MSI MINGW64 ~/workspace/git-desde-cero (master)
$ git status
On branch master
nothing to commit, working tree clean

migue@MSI MINGW64 ~/workspace/git-desde-cero (master)
$ touch .gitignore

migue@MSI MINGW64 ~/workspace/git-desde-cero (master)
$ git status
On branch master
Changes not staged for commit:
  (use "git add <file>..." to update what will be committed)
  (use "git restore <file>..." to discard changes in working directory)
        modified:   readming.txt

Untracked files:
  (use "git add <file>..." to include in what will be committed)
        .gitignore

no changes added to commit (use "git add" and/or "git commit -a")

migue@MSI MINGW64 ~/workspace/git-desde-cero (master)
$ git add .gitignore readming.txt

migue@MSI MINGW64 ~/workspace/git-desde-cero (master)
$ git commit -m "agregando file gitingnore"
[master 8ff6835] agregando file gitingnore
 2 files changed, 65 insertions(+)
 create mode 100644 .gitignore

migue@MSI MINGW64 ~/workspace/git-desde-cero (master)
$ git status
On branch master
Changes not staged for commit:
  (use "git add <file>..." to update what will be committed)
  (use "git restore <file>..." to discard changes in working directory)
        modified:   .gitignore
        modified:   readming.txt

no changes added to commit (use "git add" and/or "git commit -a")

migue@MSI MINGW64 ~/workspace/git-desde-cero (master)
$ git status -s
 M .gitignore
 M readming.txt

migue@MSI MINGW64 ~/workspace/git-desde-cero (master)
$ git add .gitignore

migue@MSI MINGW64 ~/workspace/git-desde-cero (master)
$ git status -s
M  .gitignore
 M readming.txt

migue@MSI MINGW64 ~/workspace/git-desde-cero (master)
$ git add readming.txt

migue@MSI MINGW64 ~/workspace/git-desde-cero (master)
$ git status -s
M  .gitignore
M  readming.txt

migue@MSI MINGW64 ~/workspace/git-desde-cero (master)
$ git commit -m "status corto"
[master 3689728] status corto
 2 files changed, 10 insertions(+), 1 deletion(-)

migue@MSI MINGW64 ~/workspace/git-desde-cero (master)
$ git log --oneline
d65ca1f (HEAD -> master) status diff
3689728 status corto
8ff6835 agregando file gitingnore
d021298 renombrar nuevamente
3c1c078 renombrar archivo
64a6d03 eliminacion de archivo
3ca4497 Agregue linea con commit en el istrucctivo
343d116 creacion de txt con instrucciones

migue@MSI MINGW64 ~/workspace/git-desde-cero (master)
$ git branch
* master

migue@MSI MINGW64 ~/workspace/git-desde-cero (master)
$ git checkout -b nombre_de_rama
Switched to a new branch 'nombre_de_rama'

migue@MSI MINGW64 ~/workspace/git-desde-cero (nombre_de_rama)
$ git branch
  master
* nombre_de_rama
migue@MSI MINGW64 ~/workspace/git-desde-cero (nombre_de_rama)
$ cat readming.txt
migue@MSI MINGW64 ~
$ git  --version
git version 2.35.................
Switched to a new branch 'nombre_de_rama'

migue@MSI MINGW64 ~/workspace/git-desde-cero (nombre_de_rama)
$ git branch
  master
* nombre_de_rama
as

migue@MSI MINGW64 ~/workspace/git-desde-cero (nombre_de_rama)
$ git checkout main
error: pathspec 'main' did not match any file(s) known to git

migue@MSI MINGW64 ~/workspace/git-desde-cero (nombre_de_rama)
$ git checkout master
Switched to branch 'master'

migue@MSI MINGW64 ~/workspace/git-desde-cero (master)
$ cat readming.txt
migue@MSI MINGW64 ~
$ git  --version
git version 2.35.1.windows.2
..........
3ca4497 Agregue linea con commit en el istrucctivo
343d116 creacion de txt con instrucciones

migue@MSI MINGW64 ~/workspace/git-desde-cero (master)
$ git merge nombre_de_rama
Updating 193f6b3..f20dd34
Fast-forward
 readming.txt | 13 +++++++++++++
 1 file changed, 13 insertions(+)

migue@MSI MINGW64 ~/workspace/git-desde-cero (master)
$ git status
On branch master
nothing to commit, working tree clean

migue@MSI MINGW64 ~/workspace/git-desde-cero (master)
$ git status
On branch master
nothing to commit, working tree clean

migue@MSI MINGW64 ~/workspace/git-desde-cero (master)
$ git remote add origin https://github.com/mBrownC/inicio-en-git.git

migue@MSI MINGW64 ~/workspace/git-desde-cero (master)
$ git push -u origin main
error: src refspec main does not match any
error: failed to push some refs to 'https://github.com/mBrownC/inicio-en-git.git'

migue@MSI MINGW64 ~/workspace/git-desde-cero (master)
$ git push -u origin master

fatal: User canceled device code authentication


migue@MSI MINGW64 ~/workspace/git-desde-cero (master)
$ git push -u origin master
Enumerating objects: 30, done.
Counting objects: 100% (30/30), done.
Delta compression using up to 16 threads
Compressing objects: 100% (24/24), done.
Writing objects: 100% (30/30), 3.47 KiB | 1.74 MiB/s, done.
Total 30 (delta 6), reused 0 (delta 0), pack-reused 0
remote: Resolving deltas: 100% (6/6), done.
To https://github.com/mBrownC/inicio-en-git.git
 * [new branch]      master -> master
branch 'master' set up to track 'origin/master'.

